[www.sierramckenzie.com/_.0.delayed]
[blueregard.format.com/index.html]
[www.google-analytics.com/ga.js]
[backblue.gif]
[fade.gif]
[index.html]
[bucket1.format-assets.com/theme_versions/1610281/assets/stylesheets/jquery.scrollpane.css]
[format-com-cld-res.cloudinary.com/image/upload/s--OAzHyIkn--/c_limit,g_center,h_16,w_16/a_auto,fl_keep_iptc.progressive.apng/73915-19996128-NLA_1379-Modifier-2.png]
[blueregard.format.com/gecko/index.html]
[blueregard.format.com/applewebkit/index.html]
[format-com-cld-res.cloudinary.com/image/upload/s--W3rJI5XK--/c_limit,g_center,h_32,w_32/a_auto,fl_keep_iptc.progressive.apng/73915-19996128-NLA_1379-Modifier-2.png]
[blueregard.format.com/mozilla/index.html]
[format-com-cld-res.cloudinary.com/image/upload/s--84zkEo2h--/c_limit,g_center,h_96,w_96/a_auto,fl_keep_iptc.progressive.apng/73915-19996128-NLA_1379-Modifier-2.png]
[format-com-cld-res.cloudinary.com/image/upload/s--cs9sdT2y--/c_limit,g_center,h_192,w_192/a_auto,fl_keep_iptc.progressive.apng/73915-19996128-NLA_1379-Modifier-2.png]
[static2.format.com/static/theme_api/v1/share_panel-1a26721acae26eabd7c32296e2ee8cf053d1a1a8d9f7c49f0df899bc27b784c1.css]
[static1.format.com/static/theme_api/v1/protected_images-2fdc6f85260105ac58908b513a09aa9c124e2007c6d4cbe63b3778f16e3a88b9.css]
[static0.format.com/static/theme_api/v1/font-awesome.min-3149da3014aff38a256574aa7aa1b947387efee9cdc1fb2d39e234606f231c96.css]
[static1.format.com/static/theme_api/v1/theme_social-c985894a58f09ef7b4feca674406de2916e87cbbb58d420fff1ac15b709ac68c.css]
[static0.format.com/static/theme_api/v1/sales/cart-71d654c3aca9efaf7d54bb83a588db177f85a55f6d10afc1ecb96de9011222ee.css]
[blueregard.format.com/stylesheet9b15.css]
[blueregard.format.com/custom_stylesheet9b15.css]
[static2.format.com/static/vid_overlay-b935013b5cebeedb8f5d5f3e7b0c48ee08c556e2db6888045b216f172195e632.png]
[bucket1.format-assets.com/theme_versions/1610281/assets/javascripts/jquery.js]
[bucket1.format-assets.com/theme_versions/1610281/assets/javascripts/jquery.migrate.js]
[bucket1.format-assets.com/theme_versions/1610281/assets/javascripts/jquery.cookie.js]
[bucket1.format-assets.com/theme_versions/1610281/assets/javascripts/jquery.lazyload.js]
[bucket1.format-assets.com/theme_versions/1610281/assets/javascripts/jquery.jscrollpane.js]
[bucket1.format-assets.com/theme_versions/1610281/assets/javascripts/jquery.mousewheel.js]
[static2.format.com/static/theme_api/vendor/scrollDelta-1-a3dd9cda1577a24806f10f58011d0abb0bb95829e14b333f8ff198669c28d017.js]
[static2.format.com/static/theme_api/v1/responsive-5879e596e12a8817b3efa337f24cb47e34fdd28c2fa64d324e5a2a07b4611264.js]
[static1.format.com/static/theme_api/v1/mobile_menu-aac81d866508422bc89e33b14d104a96d39f04ea0c2ad13f4f1bb8043640a89f.js]
[bucket1.format-assets.com/theme_versions/1610281/assets/javascripts/theme.js]
[static1.format.com/static/theme_api/v1/favicon_fixup-c07ecdcd7c9c7d4a1245db8a74c43258e97779780064ee802a5681610614b69b.js]
[blueregard.format.com/portraits.html]
[blueregard.format.com/studiobeauty.html]
[blueregard.format.com/commercial.html]
[blueregard.format.com/inside.html]
[blueregard.format.com/outside.html]
[blueregard.format.com/nude.html]
[blueregard.format.com/pola.html]
[blueregard.format.com/video.html]
[blueregard.format.com/about.html]
[blueregard.format.com/contact.html]
[bucket1.format-assets.com/theme_versions/1610281/assets/images/loading.gif]
[blueregard.format.com/index.html]
[bucket1.format-assets.com/theme_versions/1610281/assets/stylesheets/jquery.scrollpane.css]
[blueregard.format.com/gecko/index.html]
[blueregard.format.com/applewebkit/index.html]
[blueregard.format.com/mozilla/index.html]
[static2.format.com/static/theme_api/v1/share_panel-1a26721acae26eabd7c32296e2ee8cf053d1a1a8d9f7c49f0df899bc27b784c1.css]
[static1.format.com/static/theme_api/v1/protected_images-2fdc6f85260105ac58908b513a09aa9c124e2007c6d4cbe63b3778f16e3a88b9.css]
[static0.format.com/static/theme_api/v1/font-awesome.min-3149da3014aff38a256574aa7aa1b947387efee9cdc1fb2d39e234606f231c96.css]
[static1.format.com/static/theme_api/v1/theme_social-c985894a58f09ef7b4feca674406de2916e87cbbb58d420fff1ac15b709ac68c.css]
[static0.format.com/static/theme_api/v1/4ormat-7ec6872c8e665780eead7b027e2aa66fb06142caecd57b86359163172bf23497.js]
[static1.format.com/static/cart_button_background-ea2890d7f86181f02d978dac735dcb16bcd31e89c4b016a9c32f37ab8e67c154.png]
[static0.format.com/static/theme_api/v1/sales/cart-71d654c3aca9efaf7d54bb83a588db177f85a55f6d10afc1ecb96de9011222ee.css]
[bucket1.format-assets.com/theme_versions/1610281/assets/cursors/right/cursor_black_s.png]
[bucket1.format-assets.com/theme_versions/1610281/assets/cursors/right/cursor_black_m.png]
[bucket1.format-assets.com/theme_versions/1610281/assets/cursors/right/cursor_black_l.png]
[bucket1.format-assets.com/theme_versions/1610281/assets/cursors/left/cursor_black_s.png]
[bucket1.format-assets.com/theme_versions/1610281/assets/cursors/left/cursor_black_m.png]
[bucket1.format-assets.com/theme_versions/1610281/assets/cursors/left/cursor_black_l.png]
[bucket1.format-assets.com/theme_versions/1610281/assets/cursors/right/cursor_white_s.png]
[bucket1.format-assets.com/theme_versions/1610281/assets/cursors/right/cursor_white_m.png]
[bucket1.format-assets.com/theme_versions/1610281/assets/cursors/right/cursor_white_l.png]
[bucket1.format-assets.com/theme_versions/1610281/assets/cursors/left/cursor_white_s.png]
[bucket1.format-assets.com/theme_versions/1610281/assets/cursors/left/cursor_white_m.png]
[bucket1.format-assets.com/theme_versions/1610281/assets/cursors/left/cursor_white_l.png]
[blueregard.format.com/stylesheet9b15.css]
[blueregard.format.com/custom_stylesheet9b15.css]
[static2.format.com/static/theme_api/vendor/scrollDelta-1-a3dd9cda1577a24806f10f58011d0abb0bb95829e14b333f8ff198669c28d017.js]
[static2.format.com/static/theme_api/v1/responsive-5879e596e12a8817b3efa337f24cb47e34fdd28c2fa64d324e5a2a07b4611264.js]
[static1.format.com/static/theme_api/v1/mobile_menu-aac81d866508422bc89e33b14d104a96d39f04ea0c2ad13f4f1bb8043640a89f.js]
[static1.format.com/static/theme_api/v1/favicon_fixup-c07ecdcd7c9c7d4a1245db8a74c43258e97779780064ee802a5681610614b69b.js]
[blueregard.format.com/portraits.html]
[blueregard.format.com/studiobeauty.html]
[blueregard.format.com/commercial.html]
[blueregard.format.com/inside.html]
[blueregard.format.com/outside.html]
[blueregard.format.com/nude.html]
[blueregard.format.com/pola.html]
[i.vimeocdn.com/video/594601660_1280.jpg]
[i.vimeocdn.com/video/562241092_1280.jpg]
[i.vimeocdn.com/video/553103518_960.jpg]
[blueregard.format.com/video.html]
[static1.format.com/static/theme_api/v1/960_simple-80ab8eb2695abe415bd536608db207267db1a467f2841da1c01b06c3559dd9c6.css]
[static1.format.com/static/_common/animation-7fc12d665fca943072e7f3c6c84d756b935958c9d92f8a940de7dcfd69c2b253.css]
[static1.format.com/static/_common/module_base-132a1a1dbaa777adae2f3c114ed2cc86556d1e62800dc5cae6513f1a5e9063a4.css]
[static1.format.com/static/content_page-7e22221e690c345db9ee0a88104312831204bb61ca799fef76d3efce37ac8339.js]
[static0.format.com/static/_common/large_headline_shim-a6b16e77be8a1417355d209e6eafa1089993991cd4e3858c2d7bea037239abff.js]
[blueregard.format.com/about.html]
[blueregard.format.com/contact.html]
[static2.format.com/static/legacy/contact_03/stylesheets/style-b0353f4cf2b68c9ba1dcda04ac587040f36e6bd2f9b6dc6fd100d037f85ae752.css]
[static0.format.com/static/theme_api/v1/4ormat-7ec6872c8e665780eead7b027e2aa66fb06142caecd57b86359163172bf23497.js]
[static1.format.com/static/theme_api/v1/960_simple-80ab8eb2695abe415bd536608db207267db1a467f2841da1c01b06c3559dd9c6.css]
[static1.format.com/static/_common/animation-7fc12d665fca943072e7f3c6c84d756b935958c9d92f8a940de7dcfd69c2b253.css]
[static1.format.com/static/_common/module_base-132a1a1dbaa777adae2f3c114ed2cc86556d1e62800dc5cae6513f1a5e9063a4.css]
[static1.format.com/static/content_page-7e22221e690c345db9ee0a88104312831204bb61ca799fef76d3efce37ac8339.js]
[static0.format.com/static/_common/large_headline_shim-a6b16e77be8a1417355d209e6eafa1089993991cd4e3858c2d7bea037239abff.js]
[static2.format.com/static/legacy/contact_03/stylesheets/style-b0353f4cf2b68c9ba1dcda04ac587040f36e6bd2f9b6dc6fd100d037f85ae752.css]
[format-com-cld-res.cloudinary.com/image/private/s--3DwIQHJu--/c_crop,h_472,w_1108,x_45,y_181/c_fill,g_center,h_324,w_760/a_auto,fl_keep_iptc.progressive,q_95/v1/1fa377b5f52b0efbac1864ad132df77/pola303.3c.delaye]
